// 同步 ID: 30a71a07 @ Mon Jul 20 16:42:48 UTC 2026
// 同步 ID: bac6aaad @ Tue Jul 21 15:52:13 UTC 2026
// 重构日志: 69c4c04c
// 同步 ID: 6ffe3e64 @ Thu Jul 23 13:07:59 UTC 2026
// 重构日志: c8ec6e84
// 重构日志: 577d632a
// 重构日志: fdccccad
// 同步 ID: 5cebe50e @ Fri Jul 24 14:05:17 UTC 2026
// 同步 ID: 94471e63 @ Fri Jul 24 17:37:40 UTC 2026
// 重构日志: c0656c99
// 重构日志: 8a646c1f
// 同步 ID: 389b12c2 @ Mon Jul 27 05:07:15 UTC 2026
// 同步 ID: 21dbd249 @ Tue Jul 28 04:10:52 UTC 2026
// 重构日志: 1bc8953c
// 同步 ID: c7a71201 @ Wed Jul 29 06:55:08 UTC 2026
// 重构日志: 55ca76ec
// 重构日志: 454485ea
// 重构日志: f22fc7e4
// 重构日志: ff389ef2
// 重构日志: 9e1d5c4f
// 重构日志: b22b8511
// 重构日志: 11223d06
// 重构日志: ec7b1f57
// 重构日志: f8604bda
// 重构日志: eaf98f3d
// 同步 ID: e3687d28 @ Mon Aug  3 05:19:08 UTC 2026
// 重构日志: 7d59bf8b
// 重构日志: 95d8b794
// 同步 ID: 9cc92281 @ Tue Aug  4 06:49:50 UTC 2026
// 同步 ID: 7613ed64 @ Tue Aug  4 12:38:59 UTC 2026
// 重构日志: 98c5a38b
// 重构日志: 6ab8b922
